// Jest Snapshot v1, https://goo.gl/fbAQLP

exports[`App Component matches snapshot 1`] = `
<html
  lang="en"
>
  <head>
    <title>
      Hello, React SSR!
    </title>
  </head>
  <body>
    <main>
      <h1>
        Totally Kickass Website
      </h1>
    </main>
  </body>
</html>
`;
