// Jest Snapshot v1, https://goo.gl/fbAQLP

exports[`App Component matches snapshot 1`] = `
<html
  lang="en"
>
  <head>
    <title>
      Hello, React SSR!
    </title>
  </head>
  <body>
    <h1>
      Hello, React SSR!
    </h1>
  </body>
</html>
`;
