// Jest Snapshot v1, https://goo.gl/fbAQLP

exports[`Home Component matches snapshot 1`] = `
<h1>
  Hello, React SSR!
</h1>
`;
